////////////////////////////////////////////////////////////
Starting conversion at 07/05/2026 17:50:20,715
////////////////////////////////////////////////////////////

------------------------------------------------------------
Converting Recnum table: 253, CodeType, Code Maintenance Type Table
Progress:Start time: 07/05/2026 17:50:20,717
Start time: 07/05/2026 17:50:20,717
Structure_Start
Structure_Copy
Set_Attribute DF_FILE_RECNUM_TABLE to 0
Replacing recnum with primary index:1
Set_Attribute DF_FILE_PRIMARY_INDEX to 1
Set_Attribute DF_INDEX_SQL_PRIMARY_KEY to 1
AssignMinimalLength
RealignOverlaps
Structure_End
Progress:Creating new table.
Creating new table.
Progress:ERROR 12289: General error 42S01 (1050)--[MySQL][ODBC 9.6(w) Driver][mysqld-8.0.45]Table 'codetype' already exists  Table = CodeType (0), Source = ODBC_DRV.Structure_End.CreateTable
ERROR 12289: General error 42S01 (1050)--[MySQL][ODBC 9.6(w) Driver][mysqld-8.0.45]Table 'codetype' already exists  Table = CodeType (0), Source = ODBC_DRV.Structure_End.CreateTable
Progress:End time: 07/05/2026 17:50:20,741
End time: 07/05/2026 17:50:20,741
Progress:Total time to convert table: 0:0:0:0,024
Total time to convert table: 0:0:0:0,024

------------------------------------------------------------
Converting Recnum table: 254, CodeMast, Code Maintenance Code Table
Progress:Start time: 07/05/2026 17:50:20,743
Start time: 07/05/2026 17:50:20,743
Structure_Start
Structure_Copy
Set_Attribute DF_FILE_RECNUM_TABLE to 0
Replacing recnum with primary index:1
Set_Attribute DF_FILE_PRIMARY_INDEX to 1
Set_Attribute DF_INDEX_SQL_PRIMARY_KEY to 1
AssignMinimalLength
RealignOverlaps
Structure_End
Progress:Creating new table.
Creating new table.
Progress:ERROR 12289: General error 42S01 (1050)--[MySQL][ODBC 9.6(w) Driver][mysqld-8.0.45]Table 'codemast' already exists  Table = CodeMast (0), Source = ODBC_DRV.Structure_End.CreateTable
ERROR 12289: General error 42S01 (1050)--[MySQL][ODBC 9.6(w) Driver][mysqld-8.0.45]Table 'codemast' already exists  Table = CodeMast (0), Source = ODBC_DRV.Structure_End.CreateTable
Progress:End time: 07/05/2026 17:50:20,748
End time: 07/05/2026 17:50:20,748
Progress:Total time to convert table: 0:0:0:0,005
Total time to convert table: 0:0:0:0,005

------------------------------------------------------------
Converting Recnum table: 263, WebAppSession, WebApp Session
Progress:Start time: 07/05/2026 17:50:20,749
Start time: 07/05/2026 17:50:20,749
Structure_Start
Structure_Copy
Set_Attribute DF_FILE_RECNUM_TABLE to 0
Replacing recnum with primary index:1
Set_Attribute DF_FILE_PRIMARY_INDEX to 1
Set_Attribute DF_INDEX_SQL_PRIMARY_KEY to 1
AssignMinimalLength
RealignOverlaps
Structure_End
Progress:Creating new table.
Creating new table.
Progress:ERROR 12289: General error 42S01 (1050)--[MySQL][ODBC 9.6(w) Driver][mysqld-8.0.45]Table 'webappsession' already exists  Table = WebAppSession (0), Source = ODBC_DRV.Structure_End.CreateTable
ERROR 12289: General error 42S01 (1050)--[MySQL][ODBC 9.6(w) Driver][mysqld-8.0.45]Table 'webappsession' already exists  Table = WebAppSession (0), Source = ODBC_DRV.Structure_End.CreateTable
Progress:End time: 07/05/2026 17:50:20,755
End time: 07/05/2026 17:50:20,755
Progress:Total time to convert table: 0:0:0:0,006
Total time to convert table: 0:0:0:0,006

------------------------------------------------------------
Converting Recnum table: 264, WebAppUser, WebApp User
Progress:Start time: 07/05/2026 17:50:20,757
Start time: 07/05/2026 17:50:20,757
Structure_Start
Structure_Copy
Set_Attribute DF_FILE_RECNUM_TABLE to 0
Replacing recnum with primary index:1
Set_Attribute DF_FILE_PRIMARY_INDEX to 1
Set_Attribute DF_INDEX_SQL_PRIMARY_KEY to 1
AssignMinimalLength
RealignOverlaps
Structure_End
Progress:Creating new table.
Creating new table.
Progress:Creating primary key PRIMARY.
Creating primary key PRIMARY.
Progress:Creating intermediate file.
Creating intermediate file.
CLI_DROPINDICES
Progress:Temporary delete of all indices of table webappuser.
Temporary delete of all indices of table webappuser.
Progress:Dropping primary key PRIMARY.
Dropping primary key PRIMARY.
Progress:Copying record
Progress:All 1 records copied.
All 1 records copied.
CLI_CREATEINDICES
Progress:Re-creating temporary deleted indices of table webappuser.
Re-creating temporary deleted indices of table webappuser.
Progress:Creating primary key PRIMARY.
Creating primary key PRIMARY.
Close hSQLTable
Close ahTables[iCount]
Adjust filelist slot
Output_def_file
Progress:End time: 07/05/2026 17:50:20,937
End time: 07/05/2026 17:50:20,937
Progress:Total time to convert table: 0:0:0:0,18
Total time to convert table: 0:0:0:0,18

------------------------------------------------------------
Converting Recnum table: 265, WebAppServerProps, WebApp Server Props
Progress:Start time: 07/05/2026 17:50:20,94
Start time: 07/05/2026 17:50:20,94
Structure_Start
Structure_Copy
Set_Attribute DF_FILE_RECNUM_TABLE to 0
Replacing recnum with primary index:1
Set_Attribute DF_FILE_PRIMARY_INDEX to 1
Set_Attribute DF_INDEX_SQL_PRIMARY_KEY to 1
AssignMinimalLength
RealignOverlaps
Structure_End
Progress:Creating new table.
Creating new table.
Progress:Creating primary key PRIMARY.
Creating primary key PRIMARY.
Progress:Creating index WebAppServerProps002.
Creating index WebAppServerProps002.
Progress:Creating intermediate file.
Creating intermediate file.
CLI_DROPINDICES
Progress:Temporary delete of all indices of table webappserverprops.
Temporary delete of all indices of table webappserverprops.
Progress:Dropping primary key PRIMARY.
Dropping primary key PRIMARY.
Progress:Dropping index WebAppServerProps002.
Dropping index WebAppServerProps002.
Progress:Copying record
Progress:All 0 records copied.
All 0 records copied.
CLI_CREATEINDICES
Progress:Re-creating temporary deleted indices of table webappserverprops.
Re-creating temporary deleted indices of table webappserverprops.
Progress:Creating primary key PRIMARY.
Creating primary key PRIMARY.
Progress:Creating index WebAppServerProps002.
Creating index WebAppServerProps002.
Close hSQLTable
Close ahTables[iCount]
Adjust filelist slot
Output_def_file
Progress:End time: 07/05/2026 17:50:21,088
End time: 07/05/2026 17:50:21,088
Progress:Total time to convert table: 0:0:0:0,148
Total time to convert table: 0:0:0:0,148

------------------------------------------------------------
Converting Recnum table: 270, DFLastID, DFLastID
Progress:Start time: 07/05/2026 17:50:21,091
Start time: 07/05/2026 17:50:21,091
Structure_Start
Structure_Copy
Set_Attribute DF_FILE_PRIMARY_INDEX to 0
AssignMinimalLength
RealignOverlaps
Structure_End
Progress:Creating new table.
Creating new table.
Progress:ERROR 12289: General error HY000 (4028)--[MySQL][ODBC 9.6(w) Driver][mysqld-8.0.45]A table must have at least one visible column.  Table = DFLastID (0), Source = ODBC_DRV.Structure_End.CreateTable
ERROR 12289: General error HY000 (4028)--[MySQL][ODBC 9.6(w) Driver][mysqld-8.0.45]A table must have at least one visible column.  Table = DFLastID (0), Source = ODBC_DRV.Structure_End.CreateTable
Progress:End time: 07/05/2026 17:50:21,094
End time: 07/05/2026 17:50:21,094
Progress:Total time to convert table: 0:0:0:0,003
Total time to convert table: 0:0:0:0,003

############################################################
List of tables that experienced errors while converting:
   CodeType - Unable to create.
   CodeMast - Unable to create.
   WebAppSes- Unable to create.
   DFLastID - Unable to create.
////////////////////////////////////////////////////////////
Finished conversion at 07/05/2026 17:50:21,096
Total conversion time: 0:0:0:0,38
////////////////////////////////////////////////////////////
////////////////////////////////////////////////////////////
Starting conversion at 07/05/2026 17:57:20,326
////////////////////////////////////////////////////////////

------------------------------------------------------------
Converting Recnum table: 253, CodeType, Code Maintenance Type Table
Progress:Start time: 07/05/2026 17:57:20,327
Start time: 07/05/2026 17:57:20,327
Structure_Start
Structure_Copy
Set_Attribute DF_FILE_RECNUM_TABLE to 0
Replacing recnum with primary index:1
Set_Attribute DF_FILE_PRIMARY_INDEX to 1
Set_Attribute DF_INDEX_SQL_PRIMARY_KEY to 1
AssignMinimalLength
RealignOverlaps
Structure_End
Progress:Creating new table.
Creating new table.
Progress:ERROR 12289: General error 42S01 (1050)--[MySQL][ODBC 9.6(w) Driver][mysqld-8.0.45]Table 'codetype' already exists  Table = CodeType (0), Source = ODBC_DRV.Structure_End.CreateTable
ERROR 12289: General error 42S01 (1050)--[MySQL][ODBC 9.6(w) Driver][mysqld-8.0.45]Table 'codetype' already exists  Table = CodeType (0), Source = ODBC_DRV.Structure_End.CreateTable
Progress:End time: 07/05/2026 17:57:20,331
End time: 07/05/2026 17:57:20,331
Progress:Total time to convert table: 0:0:0:0,004
Total time to convert table: 0:0:0:0,004

------------------------------------------------------------
Converting Recnum table: 254, CodeMast, Code Maintenance Code Table
Progress:Start time: 07/05/2026 17:57:20,333
Start time: 07/05/2026 17:57:20,333
Structure_Start
Structure_Copy
Set_Attribute DF_FILE_RECNUM_TABLE to 0
Replacing recnum with primary index:1
Set_Attribute DF_FILE_PRIMARY_INDEX to 1
Set_Attribute DF_INDEX_SQL_PRIMARY_KEY to 1
AssignMinimalLength
RealignOverlaps
Structure_End
Progress:Creating new table.
Creating new table.
Progress:ERROR 12289: General error 42S01 (1050)--[MySQL][ODBC 9.6(w) Driver][mysqld-8.0.45]Table 'codemast' already exists  Table = CodeMast (0), Source = ODBC_DRV.Structure_End.CreateTable
ERROR 12289: General error 42S01 (1050)--[MySQL][ODBC 9.6(w) Driver][mysqld-8.0.45]Table 'codemast' already exists  Table = CodeMast (0), Source = ODBC_DRV.Structure_End.CreateTable
Progress:End time: 07/05/2026 17:57:20,336
End time: 07/05/2026 17:57:20,336
Progress:Total time to convert table: 0:0:0:0,003
Total time to convert table: 0:0:0:0,003

------------------------------------------------------------
Converting Recnum table: 263, WebAppSession, WebApp Session
Progress:Start time: 07/05/2026 17:57:20,338
Start time: 07/05/2026 17:57:20,338
Structure_Start
Structure_Copy
Set_Attribute DF_FILE_RECNUM_TABLE to 0
Replacing recnum with primary index:1
Set_Attribute DF_FILE_PRIMARY_INDEX to 1
Set_Attribute DF_INDEX_SQL_PRIMARY_KEY to 1
AssignMinimalLength
RealignOverlaps
Structure_End
Progress:Creating new table.
Creating new table.
Progress:ERROR 12289: General error 42S01 (1050)--[MySQL][ODBC 9.6(w) Driver][mysqld-8.0.45]Table 'webappsession' already exists  Table = WebAppSession (0), Source = ODBC_DRV.Structure_End.CreateTable
ERROR 12289: General error 42S01 (1050)--[MySQL][ODBC 9.6(w) Driver][mysqld-8.0.45]Table 'webappsession' already exists  Table = WebAppSession (0), Source = ODBC_DRV.Structure_End.CreateTable
Progress:End time: 07/05/2026 17:57:20,341
End time: 07/05/2026 17:57:20,341
Progress:Total time to convert table: 0:0:0:0,003
Total time to convert table: 0:0:0:0,003

------------------------------------------------------------
Converting Recnum table: 270, DFLastID, DFLastID
Progress:Start time: 07/05/2026 17:57:20,343
Start time: 07/05/2026 17:57:20,343
Structure_Start
Structure_Copy
Set_Attribute DF_FILE_PRIMARY_INDEX to 0
AssignMinimalLength
RealignOverlaps
Structure_End
Progress:Creating new table.
Creating new table.
Progress:ERROR 12289: General error HY000 (4028)--[MySQL][ODBC 9.6(w) Driver][mysqld-8.0.45]A table must have at least one visible column.  Table = DFLastID (0), Source = ODBC_DRV.Structure_End.CreateTable
ERROR 12289: General error HY000 (4028)--[MySQL][ODBC 9.6(w) Driver][mysqld-8.0.45]A table must have at least one visible column.  Table = DFLastID (0), Source = ODBC_DRV.Structure_End.CreateTable
Progress:End time: 07/05/2026 17:57:20,347
End time: 07/05/2026 17:57:20,347
Progress:Total time to convert table: 0:0:0:0,004
Total time to convert table: 0:0:0:0,004

############################################################
List of tables that experienced errors while converting:
   CodeType - Unable to create.
   CodeMast - Unable to create.
   WebAppSes- Unable to create.
   DFLastID - Unable to create.
////////////////////////////////////////////////////////////
Finished conversion at 07/05/2026 17:57:20,348
Total conversion time: 0:0:0:0,022
////////////////////////////////////////////////////////////
////////////////////////////////////////////////////////////
Starting conversion at 07/05/2026 18:03:21,061
////////////////////////////////////////////////////////////

------------------------------------------------------------
Converting Recnum table: 253, CodeType, Code Maintenance Type Table
Progress:Start time: 07/05/2026 18:03:21,063
Start time: 07/05/2026 18:03:21,063
Structure_Start
Structure_Copy
Set_Attribute DF_FILE_RECNUM_TABLE to 0
Replacing recnum with primary index:1
Set_Attribute DF_FILE_PRIMARY_INDEX to 1
Set_Attribute DF_INDEX_SQL_PRIMARY_KEY to 1
AssignMinimalLength
RealignOverlaps
Structure_End
Progress:Creating new table.
Creating new table.
Progress:Creating primary key PRIMARY.
Creating primary key PRIMARY.
Progress:Creating intermediate file.
Creating intermediate file.
CLI_DROPINDICES
Progress:Temporary delete of all indices of table codetype.
Temporary delete of all indices of table codetype.
Progress:Dropping primary key PRIMARY.
Dropping primary key PRIMARY.
Progress:Copying record
Progress:All 0 records copied.
All 0 records copied.
CLI_CREATEINDICES
Progress:Re-creating temporary deleted indices of table codetype.
Re-creating temporary deleted indices of table codetype.
Progress:Creating primary key PRIMARY.
Creating primary key PRIMARY.
Close hSQLTable
Close ahTables[iCount]
Adjust filelist slot
Output_def_file
Progress:End time: 07/05/2026 18:03:21,158
End time: 07/05/2026 18:03:21,158
Progress:Total time to convert table: 0:0:0:0,095
Total time to convert table: 0:0:0:0,095

------------------------------------------------------------
Converting Recnum table: 254, CodeMast, Code Maintenance Code Table
Progress:Start time: 07/05/2026 18:03:21,162
Start time: 07/05/2026 18:03:21,162
Structure_Start
Structure_Copy
Set_Attribute DF_FILE_RECNUM_TABLE to 0
Replacing recnum with primary index:1
Set_Attribute DF_FILE_PRIMARY_INDEX to 1
Set_Attribute DF_INDEX_SQL_PRIMARY_KEY to 1
AssignMinimalLength
RealignOverlaps
Structure_End
Progress:Creating new table.
Creating new table.
Progress:Creating primary key PRIMARY.
Creating primary key PRIMARY.
Progress:Creating intermediate file.
Creating intermediate file.
CLI_DROPINDICES
Progress:Temporary delete of all indices of table codemast.
Temporary delete of all indices of table codemast.
Progress:Dropping primary key PRIMARY.
Dropping primary key PRIMARY.
Progress:Copying record
Progress:All 0 records copied.
All 0 records copied.
CLI_CREATEINDICES
Progress:Re-creating temporary deleted indices of table codemast.
Re-creating temporary deleted indices of table codemast.
Progress:Creating primary key PRIMARY.
Creating primary key PRIMARY.
Close hSQLTable
Close ahTables[iCount]
Adjust filelist slot
Output_def_file
Progress:End time: 07/05/2026 18:03:21,252
End time: 07/05/2026 18:03:21,252
Progress:Total time to convert table: 0:0:0:0,09
Total time to convert table: 0:0:0:0,09

------------------------------------------------------------
Converting Recnum table: 263, WebAppSession, WebApp Session
Progress:Start time: 07/05/2026 18:03:21,256
Start time: 07/05/2026 18:03:21,256
Structure_Start
Structure_Copy
Set_Attribute DF_FILE_RECNUM_TABLE to 0
Replacing recnum with primary index:1
Set_Attribute DF_FILE_PRIMARY_INDEX to 1
Set_Attribute DF_INDEX_SQL_PRIMARY_KEY to 1
AssignMinimalLength
RealignOverlaps
Structure_End
Progress:Creating new table.
Creating new table.
Progress:Creating primary key PRIMARY.
Creating primary key PRIMARY.
Progress:Creating index WebAppSession002.
Creating index WebAppSession002.
Progress:Creating index WebAppSession003.
Creating index WebAppSession003.
Progress:Creating intermediate file.
Creating intermediate file.
CLI_DROPINDICES
Progress:Temporary delete of all indices of table webappsession.
Temporary delete of all indices of table webappsession.
Progress:Dropping primary key PRIMARY.
Dropping primary key PRIMARY.
Progress:Dropping index WebAppSession002.
Dropping index WebAppSession002.
Progress:Dropping index WebAppSession003.
Dropping index WebAppSession003.
Progress:Copying record
Progress:All 0 records copied.
All 0 records copied.
CLI_CREATEINDICES
Progress:Re-creating temporary deleted indices of table webappsession.
Re-creating temporary deleted indices of table webappsession.
Progress:Creating primary key PRIMARY.
Creating primary key PRIMARY.
Progress:Creating index WebAppSession002.
Creating index WebAppSession002.
Progress:Creating index WebAppSession003.
Creating index WebAppSession003.
Close hSQLTable
Close ahTables[iCount]
Adjust filelist slot
Output_def_file
Progress:End time: 07/05/2026 18:03:21,455
End time: 07/05/2026 18:03:21,455
Progress:Total time to convert table: 0:0:0:0,199
Total time to convert table: 0:0:0:0,199

------------------------------------------------------------
Converting Recnum table: 270, DFLastID, DFLastID
Progress:Start time: 07/05/2026 18:03:21,457
Start time: 07/05/2026 18:03:21,457
Structure_Start
Structure_Copy
Set_Attribute DF_FILE_PRIMARY_INDEX to 0
AssignMinimalLength
RealignOverlaps
Structure_End
Progress:Creating new table.
Creating new table.
Progress:ERROR 12289: General error HY000 (4028)--[MySQL][ODBC 9.6(w) Driver][mysqld-8.0.45]A table must have at least one visible column.  Table = DFLastID (0), Source = ODBC_DRV.Structure_End.CreateTable
ERROR 12289: General error HY000 (4028)--[MySQL][ODBC 9.6(w) Driver][mysqld-8.0.45]A table must have at least one visible column.  Table = DFLastID (0), Source = ODBC_DRV.Structure_End.CreateTable
Progress:End time: 07/05/2026 18:03:21,46
End time: 07/05/2026 18:03:21,46
Progress:Total time to convert table: 0:0:0:0,003
Total time to convert table: 0:0:0:0,003

############################################################
List of tables that experienced errors while converting:
   DFLastID - Unable to create.
////////////////////////////////////////////////////////////
Finished conversion at 07/05/2026 18:03:21,461
Total conversion time: 0:0:0:0,399
////////////////////////////////////////////////////////////
